// Vitest Snapshot v1, https://vitest.dev/guide/snapshot.html

exports[`designToolCopy > matches the expected key structure 1`] = `
[
  "form.name.label",
  "form.name.placeholder",
  "form.optimization.description",
  "form.optimization.title",
  "form.review.description",
  "form.review.title",
  "form.sections.codonOptimization.description",
  "form.sections.codonOptimization.label",
  "form.sections.constraints",
  "form.sections.objectives",
  "form.sections.stimulatoryIntrons.description",
  "form.sections.stimulatoryIntrons.label",
  "form.sections.weights.description",
  "form.sections.weights.label",
  "form.sequence.labelDna",
  "form.sequence.labelProtein",
  "form.sequence.placeholderDna",
  "form.sequence.placeholderProtein",
  "form.sequence.reverseTranslatedNote()",
  "form.sequence.selectSpeciesToTranslate",
  "form.sequence.typeDna",
  "form.sequence.typeProtein",
  "form.sequence.typeToggleAriaLabel",
  "form.sequence.unitDna",
  "form.sequence.unitProtein",
  "form.sequence.uploadLong",
  "form.sequence.uploadShort",
  "form.species.label",
  "form.splicer.description",
  "form.splicer.label",
  "jobHeader.actions.cancel",
  "jobHeader.actions.edit",
  "jobHeader.actions.rerun",
  "jobHeader.actions.runAgain",
  "jobHeader.speciesLabels.human",
  "jobHeader.speciesLabels.mouse",
  "jobHeader.speciesLabels.none",
  "jobHeader.status.cancelled",
  "jobHeader.status.completed",
  "jobHeader.status.completedWithTime()",
  "jobHeader.status.failedFallback",
  "jobHeader.status.running",
  "jobHeader.untitledRun",
  "page.description",
  "page.title",
  "running.defaultStage",
  "running.heading",
  "submit.idle",
  "submit.processingStages[]",
  "submit.success",
  "toasts.cleaned.charsRemoved()",
  "toasts.cleaned.extraSequencesIgnored()",
  "toasts.cleaned.fastaSource",
  "toasts.cleaned.headersStripped()",
  "toasts.cleaned.pasteSource",
  "toasts.cleanedSummary()",
  "toasts.fixErrorsBeforeRerun",
  "toasts.incompatibleSavedInputs",
  "toasts.noValidAminoAcids",
  "toasts.noValidNucleotides",
  "toggles.enforceGcContent.badge",
  "toggles.enforceGcContent.description",
  "toggles.enforceGcContent.label",
  "toggles.minimizeCpgs.description",
  "toggles.minimizeCpgs.label",
  "toggles.reduceKmerComplexity.description",
  "toggles.reduceKmerComplexity.label",
  "toggles.removeCrypticSpliceSites.description",
  "toggles.removeCrypticSpliceSites.label",
  "toggles.stim3Prime.description",
  "toggles.stim3Prime.label",
  "toggles.stim5Prime.description",
  "toggles.stim5Prime.label",
  "validation.dna.invalidChars",
  "validation.dna.missingStart",
  "validation.dna.missingStop",
  "validation.dna.notMultipleOfThree",
  "validation.dna.prematureStop",
  "validation.dna.required",
  "validation.dna.tooLong",
  "validation.name.required",
  "validation.name.tooLong",
  "validation.protein.internalStop",
  "validation.protein.invalidChars",
  "validation.protein.required",
  "validation.protein.speciesRequired",
  "validation.protein.tooLong",
  "validation.splicer.positionTooHigh()",
  "weights.codonOptimize.description",
  "weights.codonOptimize.enableLink",
  "weights.codonOptimize.enableSuffix",
  "weights.codonOptimize.label",
  "weights.minimizeCpgs.description",
  "weights.minimizeCpgs.enableLink",
  "weights.minimizeCpgs.enableSuffix",
  "weights.minimizeCpgs.label",
  "weights.reduceKmerComplexity.description",
  "weights.reduceKmerComplexity.enableLink",
  "weights.reduceKmerComplexity.enableSuffix",
  "weights.reduceKmerComplexity.label",
  "weights.removeCrypticSpliceSites.description",
  "weights.removeCrypticSpliceSites.enableLink",
  "weights.removeCrypticSpliceSites.enableSuffix",
  "weights.removeCrypticSpliceSites.label",
  "weights.tiers[]",
]
`;
