// Vitest Snapshot v1, https://vitest.dev/guide/snapshot.html

exports[`appCopy > matches the expected key structure 1`] = `
[
  "footer.citation",
  "footer.citationFull",
  "footer.copied",
  "footer.copyPrompt",
  "footer.copyTitle",
  "home.description",
  "home.designPromptLink",
  "home.designPromptPrefix",
  "home.designPromptSuffix",
  "home.heading",
  "home.ogDescription",
  "home.ogImageAlt",
  "home.ogTitle",
  "home.subtitle",
  "home.title",
  "nav.designTool",
  "nav.documentation",
  "nav.home",
  "nav.salkImageAlt",
  "nav.salkInstitute",
  "notFound.goBack",
  "notFound.goHome",
  "notFound.message",
  "notFound.status",
  "notFound.subtext",
  "rootError.goHome",
  "rootError.message",
  "rootError.subtext",
  "rootError.title",
  "rootError.tryAgain",
  "rootMetadata.appleWebAppTitle",
  "rootMetadata.description",
  "rootMetadata.ogSiteName",
  "rootMetadata.titleDefault",
  "rootMetadata.titleTemplate",
  "settings.clearSeedData",
  "settings.clearSuccess()",
  "settings.exportData",
  "settings.importAriaLabel",
  "settings.importData",
  "settings.importFailed",
  "settings.importSuccess()",
  "settings.label",
  "settings.noSeedData",
  "settings.restartTours",
  "settings.seedData",
  "settings.seedSuccess()",
  "settings.themeLabel",
  "settings.themes.dark",
  "settings.themes.light",
  "settings.themes.system",
  "settings.toursReset",
  "sidebar.closeLabel",
  "sidebar.openLabel",
  "siteName",
  "skipToContent",
  "species.human",
  "species.mouse",
  "speciesFilter.both",
  "speciesFilter.human",
  "speciesFilter.mouse",
  "suitability.dual-aav",
  "suitability.single-aav",
  "suitability.triple-aav",
]
`;
