// Vitest Snapshot v1, https://vitest.dev/guide/snapshot.html

exports[`geneSearchCopy > matches the expected key structure 1`] = `
[
  "compare.description()",
  "compare.designAction",
  "compare.property",
  "compare.rows.cdsLength",
  "compare.rows.design",
  "compare.rows.gcContent",
  "compare.rows.proteinLength",
  "compare.rows.species",
  "compare.rows.startCodon",
  "compare.rows.stopCodon",
  "compare.rows.suitability",
  "compare.title",
  "compare.values.missing",
  "compare.values.present",
  "compare.values.startAtg",
  "compare.values.unknown",
  "errorBoundary.goHome",
  "errorBoundary.message",
  "errorBoundary.title",
  "errorBoundary.tryAgain",
  "favoriteButton.add",
  "favoriteButton.remove",
  "favoritesPanel.emptyState",
  "favoritesPanel.heading",
  "favoritesPanel.removeAriaLabel()",
  "favoritesPanel.showLess",
  "favoritesPanel.showMore()",
  "genePage.isoformsHeading",
  "genePage.metadataDescription()",
  "genePage.ogImageAlt()",
  "genePage.speciesLabel",
  "isoformIdentity.description",
  "isoformIdentity.heading",
  "isoformIdentity.identityTooltip()",
  "isoformIdentity.jumpTo()",
  "isoformIdentity.scaleHigh",
  "isoformIdentity.scaleLow",
  "isoformLengthChart.bpUnit",
  "isoformLengthChart.heading",
  "isoformLengthChart.rowTooltip()",
  "isoformLengthChart.suitabilityLabels.dual",
  "isoformLengthChart.suitabilityLabels.single",
  "isoformLengthChart.suitabilityLabels.triple",
  "isoformMetrics.aavStrategy",
  "isoformMetrics.cpg",
  "isoformMetrics.gcPercent",
  "isoformMetrics.length",
  "isoformMetrics.wggwMotifs",
  "isoformSplitPreview.aav3Label",
  "isoformSplitPreview.aav5Label",
  "isoformSplitPreview.alternativesLabel",
  "isoformSplitPreview.alternativesTooltip",
  "isoformSplitPreview.atBp",
  "isoformSplitPreview.balance.balanced",
  "isoformSplitPreview.balance.imbalanced",
  "isoformSplitPreview.balance.moderate",
  "isoformSplitPreview.bestSplit",
  "isoformSplitPreview.fits",
  "isoformSplitPreview.noWggw",
  "isoformSplitPreview.overLimit",
  "isoformSplitPreview.overLimitTooltip",
  "isoformSplitPreview.overheadNote()",
  "isoformSummary.aavFit",
  "isoformSummary.aavFitAriaLabel",
  "isoformSummary.aavSegmentTooltip()",
  "isoformSummary.cdsRange",
  "isoformSummary.isoforms",
  "isoformSummary.suitabilityShortLabels.dual",
  "isoformSummary.suitabilityShortLabels.single",
  "isoformSummary.suitabilityShortLabels.triple",
  "isoformTable.actions.copied",
  "isoformTable.actions.copyCds",
  "isoformTable.actions.copyFasta",
  "isoformTable.actions.customize",
  "isoformTable.actions.downloadFasta",
  "isoformTable.actions.downloadPrecomputed",
  "isoformTable.actions.downloadPrecomputedAriaLabel()",
  "isoformTable.actions.viewOnEnsembl",
  "isoformTable.actionsAriaLabel()",
  "isoformTable.collapseAllAriaLabel",
  "isoformTable.collapseAllTooltip",
  "isoformTable.columns.cds",
  "isoformTable.columns.cpg",
  "isoformTable.columns.enstLong",
  "isoformTable.columns.enstShort",
  "isoformTable.columns.gcPercent",
  "isoformTable.columns.protein",
  "isoformTable.columns.suitability",
  "isoformTable.columns.wggw",
  "isoformTable.emptyForSpecies",
  "isoformTable.expandAllAriaLabel",
  "isoformTable.expandAllTooltip",
  "isoformTable.units.aa",
  "isoformTable.units.bp",
  "metadata.description",
  "metadata.ogDescription",
  "metadata.title",
  "notFound.customSequenceAction",
  "notFound.didYouMean",
  "notFound.foundWithSymbolPrefix",
  "notFound.foundWithSymbolSuffix",
  "notFound.foundWithoutSymbol",
  "notFound.searchAction",
  "notFound.status",
  "notFound.subtext",
  "recentPanel.clear",
  "recentPanel.emptyState",
  "recentPanel.heading",
  "recentPanel.removeAriaLabel()",
  "recentPanel.showLess",
  "recentPanel.showMore()",
  "search.customSequenceLink",
  "search.customizeAction",
  "search.customizeAriaLabel()",
  "search.emptyPrompt",
  "search.errors.failed",
  "search.errors.rateLimited()",
  "search.errors.unavailable",
  "search.groups.favorites",
  "search.groups.recent",
  "search.inputAriaLabel",
  "search.inputPlaceholder",
  "search.loading",
  "search.noMatches()",
  "search.pressKey",
  "search.retry",
  "search.shortcut",
  "search.species.all",
  "search.species.human",
  "search.species.mouse",
  "search.triggerLabel",
  "search.tryAgainLater",
]
`;
